
  ___  ____  ____  ____  ____ ®
 /__    /   ____/   /   ____/      StataNow 19.5
___/   /   /___/   /   /___/       MP—Parallel Edition

 Statistics and Data Science       Copyright 1985-2025 StataCorp LLC
                                   StataCorp
                                   4905 Lakeway Drive
                                   College Station, Texas 77845 USA
                                   800-782-8272        https://www.stata.com
                                   979-696-4600        service@stata.com

Stata license: 4-user 4-core network, expiring  6 May 2027
Serial number: 501909369296
  Licensed to: Eric Booth
               Texas 2036

Notes:
      1. Stata is running in batch mode.
      2. Unicode is supported; see help unicode_advice.
      3. More than 2 billion observations are allowed; see help obs_advice.
      4. Maximum number of variables is set to 5,000 but can be increased;
          see help set_maxvar.


Running /Users/ericbooth/Documents/Stata/ado/personal/profile.do ...
-------------------------------------------------------------------------------
  [1]  (BASE)      "/Applications/StataNow/ado/base/"
  [2]  (SITE)      "/_codeshare/"
  [3]              "."
  [4]  (PERSONAL)  "/Users/ericbooth/Documents/Stata/ado/personal/"
  [5]  (PLUS)      "/Users/ericbooth/Library/Application Support/Stata/ado/plus
> /"
  [6]  (OLDPLACE)  "~/ado/"

Click [here] for other links
-------------------------------------------------------------------------------

. do examples/robustness.do 

. *! version 1.0.0  18jul2026
. *! Two robustness checks for the nnsreg Stata Journal article, kept separate
. *! from the main replication script so that its outputs are unchanged:
. *!
. *!   1. Empirical coverage of the nominal-95% conditional interval for the
. *!      terminal-segment slope, across 100 replications per simulated design,
. *!      for method(ols) and method(connect).  The target is the true secant
. *!      slope of the generating curve over the fitted terminal segment.  Poor
. *!      coverage bounds the inferential use of these intervals and supports t
> he
. *!      "descriptive, not tests" reading.
. *!
. *!   2. An alternative clustered design (noise SD raised from 1.2 to 2.0) to
. *!      test whether the NNS OLS between-replication variance advantage
. *!      persists, and a percentile-knot linear spline (mkspline) arm to show
. *!      the adaptive-knot advantage on data with known truth.
. *!
. *! Writes manuscript/table_coverage.csv and manuscript/table_altclust.csv.
. clear all

. set more off

. adopath + "code"
  [1]  (BASE)      "/Applications/StataNow/ado/base/"
  [2]  (SITE)      "/_codeshare/"
  [3]              "."
  [4]  (PERSONAL)  "/Users/ericbooth/Documents/Stata/ado/personal/"
  [5]  (PLUS)      "/Users/ericbooth/Library/Application Support/Stata/ado/plus
> /"
  [6]  (OLDPLACE)  "~/ado/"
  [7]              "code"

. 
. // Defines nns_simdata (also rewrites the canonical datasets; harmless here).
. do "examples/simulated_data.do"

. *! version 1.3.0  05jul2026
. *! Simulated data generator for the nnsreg Stata Journal manuscript.
. *! Defines nns_simdata, a reusable data-generating program, and writes the
. *! three canonical example datasets to examples/.  The Monte Carlo study in
. *! examples/test_nnsreg.do calls nns_simdata with fresh seeds, so the single
. *! canonical datasets and the replication draws come from identical code.
. clear all

. 
. capture program drop nns_simdata

. program define nns_simdata
  1.     // Generates one simulated example dataset in memory (does not save).
.     // design(education|water|clustered) picks the data-generating process.
.     // seed(#) makes the draw reproducible; omit to continue the RNG stream.
.     syntax, DESign(string) [SEED(integer -1)]
  2. 
.     if !inlist("`design'", "education", "water", "clustered") {
  3.         di as error "design() must be education, water, or clustered"
  4.         exit 198
  5.     }
  6.     if `seed' >= 0 set seed `seed'
  7.     clear
  8. 
.     if "`design'" == "education" {
  9.         // Smooth S-curve with diminishing returns: flat at low spending,
.         // rising through the middle, plateauing near the top.
.         // True curve: 40 + 45 / (1 + exp(-0.8*(spend - 11))), noise sd = 4.
.         set obs 250
 10.         gen district_id = _n
 11.         gen spend_pupil = 5 + 15 * runiform()
 12.         gen true_staar = 40 + 45 / (1 + exp(-0.8 * (spend_pupil - 11)))
 13.         gen staar_pass = true_staar + rnormal(0, 4)
 14.         replace staar_pass = 100 if staar_pass > 100
 15.         replace staar_pass = 0 if staar_pass < 0
 16.         label variable spend_pupil "Per-Pupil Operational Spending ($ Thou
> sands)"
 17.         label variable staar_pass "STAAR Math Passing Rate (%)"
 18.         label variable true_staar "True passing-rate curve (simulation)"
 19.         label data "Texas School District Operational Funding and Achievem
> ent (Simulated)"
 20.     }
 21.     else if "`design'" == "water" {
 22.         // Threshold behavior: loss rate is flat below a pipe age of 35 ye
> ars,
.         // then rises with a linear plus quadratic term.  Noise sd = 2.5.
.         // The kink at age 35 is the "true change point" referenced in the
.         // manuscript's knot-location figure.
.         set obs 300
 23.         gen system_id = _n
 24.         gen pipe_age = 80 * runiform()
 25.         gen true_loss = 8 if pipe_age <= 35
 26.         replace true_loss = 8 + 0.4 * (pipe_age - 35) + 0.01 * (pipe_age -
>  35)^2 ///
>             if pipe_age > 35
 27.         gen water_loss = true_loss + rnormal(0, 2.5)
 28.         replace water_loss = 100 if water_loss > 100
 29.         replace water_loss = 0 if water_loss < 0
 30.         label variable pipe_age "Average Water Pipe Age (Years)"
 31.         label variable water_loss "Annual Water Loss Rate (%)"
 32.         label variable true_loss "True loss-rate curve (simulation)"
 33.         label data "Texas Municipal Water Infrastructure and Water Loss (S
> imulated)"
 34.     }
 35.     else {
 36.         // Clustered support with sharp local features: observations are
.         // concentrated in three regions (centers 22, 36, 58) holding a local
.         // peak, a sharp dip, and a partial recovery.  This design mirrors th
> e
.         // cluster benchmarks in Vinod and Viole (2018), where partition-base
> d
.         // fits are expected to have an advantage over a global bandwidth.
.         set obs 260
 37.         gen unit_id = _n
 38.         gen mix = runiform()
 39.         gen cluster_score = cond(mix < .45, rnormal(22, 3), ///
>             cond(mix < .75, rnormal(36, 2.2), rnormal(58, 4)))
 40.         replace cluster_score = max(5, min(70, cluster_score))
 41.         gen true_index = 18 + .18 * cluster_score ///
>             + 10 * exp(-((cluster_score - 24)^2) / 35) ///
>             - 16 * exp(-((cluster_score - 35)^2) / 18) ///
>             + 8 * exp(-((cluster_score - 58)^2) / 50)
 42.         gen outcome_index = true_index + rnormal(0, 1.2)
 43.         drop mix
 44.         label variable cluster_score "Clustered Index Score"
 45.         label variable outcome_index "Outcome Index"
 46.         label variable true_index "True outcome curve (simulation)"
 47.         label data "Clustered peak/dip benchmark data (Simulated)"
 48.     }
 49. end

. 
. // Canonical example datasets used in the manuscript (fixed seeds).
. nns_simdata, design(education) seed(2036)
Number of observations (_N) was 0, now 250.
(0 real changes made)
(0 real changes made)

. save "examples/texas_education.dta", replace
file examples/texas_education.dta saved

. 
. nns_simdata, design(water) seed(2037)
Number of observations (_N) was 0, now 300.
(149 missing values generated)
(149 real changes made)
(0 real changes made)
(0 real changes made)

. save "examples/texas_water.dta", replace
file examples/texas_water.dta saved

. 
. nns_simdata, design(clustered) seed(2038)
Number of observations (_N) was 0, now 260.
(0 real changes made)

. save "examples/clustered_peak_dip.dta", replace
file examples/clustered_peak_dip.dta saved

. 
. di "Data simulation complete. Files saved in examples/ subfolder."
Data simulation complete. Files saved in examples/ subfolder.

. 
end of do-file

. 
. // True generating curve evaluated at an arbitrary x, by design.
. capture program drop nns_true_at

. program define nns_true_at, rclass
  1.     syntax, DESign(string) X(real)
  2.     if "`design'" == "education" {
  3.         return scalar y = 40 + 45 / (1 + exp(-0.8 * (`x' - 11)))
  4.     }
  5.     else if "`design'" == "water" {
  6.         if `x' <= 35 return scalar y = 8
  7.         else return scalar y = 8 + 0.4 * (`x' - 35) + 0.01 * (`x' - 35)^2
  8.     }
  9.     else {
 10.         return scalar y = 18 + 0.18 * `x' ///
>             + 10 * exp(-((`x' - 24)^2) / 35) ///
>             - 16 * exp(-((`x' - 35)^2) / 18) ///
>             + 8 * exp(-((`x' - 58)^2) / 50)
 11.     }
 12. end

. 
. // --------------------------------------------------------------------------
> -
. // 1. Coverage of the conditional terminal-segment interval
. // --------------------------------------------------------------------------
> -
. di _n "=== Coverage check: 100 replications per design ==="

=== Coverage check: 100 replications per design ===

. tempname cov

. postfile `cov' str12 design str8 method byte covered ///
>     using "examples/coverage_raw.dta", replace
(file examples/coverage_raw.dta not found)

. 
. forvalues r = 1/100 {
  2.     local dnum = 0
  3.     foreach d in education water clustered {
  4.         local ++dnum
  5.         if "`d'" == "education" {
  6.             local y staar_pass
  7.             local x spend_pupil
  8.         }
  9.         else if "`d'" == "water" {
 10.             local y water_loss
 11.             local x pipe_age
 12.         }
 13.         else {
 14.             local y outcome_index
 15.             local x cluster_score
 16.         }
 17.         nns_simdata, design(`d') seed(`=20000 + 3*(`r'-1) + `dnum'')
 18.         foreach m in ols connect {
 19.             capture {
 20.                 quietly nnsreg `y' `x', order(3) method(`m') noplot
 21.                 matrix S = e(segments)
 22.                 local ns = rowsof(S)
 23.                 local xlo = S[`ns', 1]
 24.                 local xhi = S[`ns', 2]
 25.                 local slope = S[`ns', 3]
 26.                 local se = S[`ns', 4]
 27.                 local tc = invttail(e(df_r), 0.025)
 28.                 local lo = `slope' - `tc' * `se'
 29.                 local hi = `slope' + `tc' * `se'
 30.                 nns_true_at, design(`d') x(`xlo')
 31.                 local ylo = r(y)
 32.                 nns_true_at, design(`d') x(`xhi')
 33.                 local yhi = r(y)
 34.                 local truesec = (`yhi' - `ylo') / (`xhi' - `xlo')
 35.                 local cvd = (`lo' <= `truesec') & (`truesec' <= `hi')
 36.                 post `cov' ("`d'") ("`m'") (`cvd')
 37.             }
 38.         }
 39.     }
 40.     if mod(`r', 25) == 0 di as text "  coverage replication `r' of 100"
 41. }
Number of observations (_N) was 0, now 250.
(0 real changes made)
(0 real changes made)
Number of observations (_N) was 0, now 300.
(182 missing values generated)
(182 real changes made)
(0 real changes made)
(0 real changes made)
Number of observations (_N) was 0, now 260.
(0 real changes made)
Number of observations (_N) was 0, now 250.
(0 real changes made)
(0 real changes made)
Number of observations (_N) was 0, now 300.
(196 missing values generated)
(196 real changes made)
(0 real changes made)
(0 real changes made)
Number of observations (_N) was 0, now 260.
(0 real changes made)
Number of observations (_N) was 0, now 250.
(0 real changes made)
(0 real changes made)
Number of observations (_N) was 0, now 300.
(157 missing values generated)
(157 real changes made)
(0 real changes made)
(0 real changes made)
Number of observations (_N) was 0, now 260.
(0 real changes made)
Number of observations (_N) was 0, now 250.
(0 real changes made)
(0 real changes made)
Number of observations (_N) was 0, now 300.
(180 missing values generated)
(180 real changes made)
(0 real changes made)
(0 real changes made)
Number of observations (_N) was 0, now 260.
(0 real changes made)
Number of observations (_N) was 0, now 250.
(0 real changes made)
(0 real changes made)
Number of observations (_N) was 0, now 300.
(172 missing values generated)
(172 real changes made)
(0 real changes made)
(0 real changes made)
Number of observations (_N) was 0, now 260.
(0 real changes made)
Number of observations (_N) was 0, now 250.
(0 real changes made)
(0 real changes made)
Number of observations (_N) was 0, now 300.
(176 missing values generated)
(176 real changes made)
(0 real changes made)
(0 real changes made)
Number of observations (_N) was 0, now 260.
(0 real changes made)
Number of observations (_N) was 0, now 250.
(0 real changes made)
(0 real changes made)
Number of observations (_N) was 0, now 300.
(166 missing values generated)
(166 real changes made)
(0 real changes made)
(0 real changes made)
Number of observations (_N) was 0, now 260.
(0 real changes made)
Number of observations (_N) was 0, now 250.
(0 real changes made)
(0 real changes made)
Number of observations (_N) was 0, now 300.
(163 missing values generated)
(163 real changes made)
(0 real changes made)
(0 real changes made)
Number of observations (_N) was 0, now 260.
(0 real changes made)
Number of observations (_N) was 0, now 250.
(0 real changes made)
(0 real changes made)
Number of observations (_N) was 0, now 300.
(163 missing values generated)
(163 real changes made)
(0 real changes made)
(1 real change made)
Number of observations (_N) was 0, now 260.
(0 real changes made)
Number of observations (_N) was 0, now 250.
(0 real changes made)
(0 real changes made)
Number of observations (_N) was 0, now 300.
(176 missing values generated)
(176 real changes made)
(0 real changes made)
(0 real changes made)
Number of observations (_N) was 0, now 260.
(0 real changes made)
Number of observations (_N) was 0, now 250.
(0 real changes made)
(0 real changes made)
Number of observations (_N) was 0, now 300.
(163 missing values generated)
(163 real changes made)
(0 real changes made)
(0 real changes made)
Number of observations (_N) was 0, now 260.
(0 real changes made)
Number of observations (_N) was 0, now 250.
(0 real changes made)
(0 real changes made)
Number of observations (_N) was 0, now 300.
(182 missing values generated)
(182 real changes made)
(0 real changes made)
(0 real changes made)
Number of observations (_N) was 0, now 260.
(0 real changes made)
Number of observations (_N) was 0, now 250.
(0 real changes made)
(0 real changes made)
Number of observations (_N) was 0, now 300.
(170 missing values generated)
(170 real changes made)
(0 real changes made)
(0 real changes made)
Number of observations (_N) was 0, now 260.
(0 real changes made)
Number of observations (_N) was 0, now 250.
(0 real changes made)
(0 real changes made)
Number of observations (_N) was 0, now 300.
(180 missing values generated)
(180 real changes made)
(0 real changes made)
(0 real changes made)
Number of observations (_N) was 0, now 260.
(0 real changes made)
Number of observations (_N) was 0, now 250.
(0 real changes made)
(0 real changes made)
Number of observations (_N) was 0, now 300.
(177 missing values generated)
(177 real changes made)
(0 real changes made)
(0 real changes made)
Number of observations (_N) was 0, now 260.
(1 real change made)
Number of observations (_N) was 0, now 250.
(0 real changes made)
(0 real changes made)
Number of observations (_N) was 0, now 300.
(182 missing values generated)
(182 real changes made)
(0 real changes made)
(0 real changes made)
Number of observations (_N) was 0, now 260.
(0 real changes made)
Number of observations (_N) was 0, now 250.
(0 real changes made)
(0 real changes made)
Number of observations (_N) was 0, now 300.
(170 missing values generated)
(170 real changes made)
(0 real changes made)
(0 real changes made)
Number of observations (_N) was 0, now 260.
(0 real changes made)
Number of observations (_N) was 0, now 250.
(0 real changes made)
(0 real changes made)
Number of observations (_N) was 0, now 300.
(166 missing values generated)
(166 real changes made)
(0 real changes made)
(0 real changes made)
Number of observations (_N) was 0, now 260.
(0 real changes made)
Number of observations (_N) was 0, now 250.
(0 real changes made)
(0 real changes made)
Number of observations (_N) was 0, now 300.
(170 missing values generated)
(170 real changes made)
(0 real changes made)
(0 real changes made)
Number of observations (_N) was 0, now 260.
(0 real changes made)
Number of observations (_N) was 0, now 250.
(0 real changes made)
(0 real changes made)
Number of observations (_N) was 0, now 300.
(174 missing values generated)
(174 real changes made)
(0 real changes made)
(0 real changes made)
Number of observations (_N) was 0, now 260.
(0 real changes made)
Number of observations (_N) was 0, now 250.
(0 real changes made)
(0 real changes made)
Number of observations (_N) was 0, now 300.
(183 missing values generated)
(183 real changes made)
(0 real changes made)
(0 real changes made)
Number of observations (_N) was 0, now 260.
(0 real changes made)
Number of observations (_N) was 0, now 250.
(0 real changes made)
(0 real changes made)
Number of observations (_N) was 0, now 300.
(159 missing values generated)
(159 real changes made)
(0 real changes made)
(0 real changes made)
Number of observations (_N) was 0, now 260.
(0 real changes made)
Number of observations (_N) was 0, now 250.
(0 real changes made)
(0 real changes made)
Number of observations (_N) was 0, now 300.
(167 missing values generated)
(167 real changes made)
(0 real changes made)
(1 real change made)
Number of observations (_N) was 0, now 260.
(0 real changes made)
Number of observations (_N) was 0, now 250.
(0 real changes made)
(0 real changes made)
Number of observations (_N) was 0, now 300.
(154 missing values generated)
(154 real changes made)
(0 real changes made)
(0 real changes made)
Number of observations (_N) was 0, now 260.
(0 real changes made)
Number of observations (_N) was 0, now 250.
(0 real changes made)
(0 real changes made)
Number of observations (_N) was 0, now 300.
(170 missing values generated)
(170 real changes made)
(0 real changes made)
(0 real changes made)
Number of observations (_N) was 0, now 260.
(0 real changes made)
  coverage replication 25 of 100
Number of observations (_N) was 0, now 250.
(0 real changes made)
(0 real changes made)
Number of observations (_N) was 0, now 300.
(173 missing values generated)
(173 real changes made)
(0 real changes made)
(0 real changes made)
Number of observations (_N) was 0, now 260.
(0 real changes made)
Number of observations (_N) was 0, now 250.
(0 real changes made)
(0 real changes made)
Number of observations (_N) was 0, now 300.
(171 missing values generated)
(171 real changes made)
(0 real changes made)
(0 real changes made)
Number of observations (_N) was 0, now 260.
(0 real changes made)
Number of observations (_N) was 0, now 250.
(0 real changes made)
(0 real changes made)
Number of observations (_N) was 0, now 300.
(177 missing values generated)
(177 real changes made)
(0 real changes made)
(0 real changes made)
Number of observations (_N) was 0, now 260.
(0 real changes made)
Number of observations (_N) was 0, now 250.
(0 real changes made)
(0 real changes made)
Number of observations (_N) was 0, now 300.
(174 missing values generated)
(174 real changes made)
(0 real changes made)
(0 real changes made)
Number of observations (_N) was 0, now 260.
(0 real changes made)
Number of observations (_N) was 0, now 250.
(0 real changes made)
(0 real changes made)
Number of observations (_N) was 0, now 300.
(168 missing values generated)
(168 real changes made)
(0 real changes made)
(0 real changes made)
Number of observations (_N) was 0, now 260.
(0 real changes made)
Number of observations (_N) was 0, now 250.
(0 real changes made)
(0 real changes made)
Number of observations (_N) was 0, now 300.
(157 missing values generated)
(157 real changes made)
(0 real changes made)
(0 real changes made)
Number of observations (_N) was 0, now 260.
(1 real change made)
Number of observations (_N) was 0, now 250.
(0 real changes made)
(0 real changes made)
Number of observations (_N) was 0, now 300.
(176 missing values generated)
(176 real changes made)
(0 real changes made)
(0 real changes made)
Number of observations (_N) was 0, now 260.
(0 real changes made)
Number of observations (_N) was 0, now 250.
(0 real changes made)
(0 real changes made)
Number of observations (_N) was 0, now 300.
(155 missing values generated)
(155 real changes made)
(0 real changes made)
(1 real change made)
Number of observations (_N) was 0, now 260.
(0 real changes made)
Number of observations (_N) was 0, now 250.
(0 real changes made)
(0 real changes made)
Number of observations (_N) was 0, now 300.
(188 missing values generated)
(188 real changes made)
(0 real changes made)
(0 real changes made)
Number of observations (_N) was 0, now 260.
(0 real changes made)
Number of observations (_N) was 0, now 250.
(0 real changes made)
(0 real changes made)
Number of observations (_N) was 0, now 300.
(169 missing values generated)
(169 real changes made)
(0 real changes made)
(0 real changes made)
Number of observations (_N) was 0, now 260.
(0 real changes made)
Number of observations (_N) was 0, now 250.
(0 real changes made)
(0 real changes made)
Number of observations (_N) was 0, now 300.
(173 missing values generated)
(173 real changes made)
(0 real changes made)
(0 real changes made)
Number of observations (_N) was 0, now 260.
(0 real changes made)
Number of observations (_N) was 0, now 250.
(0 real changes made)
(0 real changes made)
Number of observations (_N) was 0, now 300.
(181 missing values generated)
(181 real changes made)
(0 real changes made)
(0 real changes made)
Number of observations (_N) was 0, now 260.
(0 real changes made)
Number of observations (_N) was 0, now 250.
(0 real changes made)
(0 real changes made)
Number of observations (_N) was 0, now 300.
(179 missing values generated)
(179 real changes made)
(0 real changes made)
(0 real changes made)
Number of observations (_N) was 0, now 260.
(0 real changes made)
Number of observations (_N) was 0, now 250.
(0 real changes made)
(0 real changes made)
Number of observations (_N) was 0, now 300.
(170 missing values generated)
(170 real changes made)
(0 real changes made)
(0 real changes made)
Number of observations (_N) was 0, now 260.
(0 real changes made)
Number of observations (_N) was 0, now 250.
(0 real changes made)
(0 real changes made)
Number of observations (_N) was 0, now 300.
(156 missing values generated)
(156 real changes made)
(0 real changes made)
(0 real changes made)
Number of observations (_N) was 0, now 260.
(0 real changes made)
Number of observations (_N) was 0, now 250.
(0 real changes made)
(0 real changes made)
Number of observations (_N) was 0, now 300.
(168 missing values generated)
(168 real changes made)
(0 real changes made)
(0 real changes made)
Number of observations (_N) was 0, now 260.
(1 real change made)
Number of observations (_N) was 0, now 250.
(0 real changes made)
(0 real changes made)
Number of observations (_N) was 0, now 300.
(171 missing values generated)
(171 real changes made)
(0 real changes made)
(0 real changes made)
Number of observations (_N) was 0, now 260.
(0 real changes made)
Number of observations (_N) was 0, now 250.
(0 real changes made)
(0 real changes made)
Number of observations (_N) was 0, now 300.
(165 missing values generated)
(165 real changes made)
(0 real changes made)
(0 real changes made)
Number of observations (_N) was 0, now 260.
(0 real changes made)
Number of observations (_N) was 0, now 250.
(0 real changes made)
(0 real changes made)
Number of observations (_N) was 0, now 300.
(168 missing values generated)
(168 real changes made)
(0 real changes made)
(0 real changes made)
Number of observations (_N) was 0, now 260.
(1 real change made)
Number of observations (_N) was 0, now 250.
(0 real changes made)
(0 real changes made)
Number of observations (_N) was 0, now 300.
(169 missing values generated)
(169 real changes made)
(0 real changes made)
(1 real change made)
Number of observations (_N) was 0, now 260.
(0 real changes made)
Number of observations (_N) was 0, now 250.
(0 real changes made)
(0 real changes made)
Number of observations (_N) was 0, now 300.
(162 missing values generated)
(162 real changes made)
(0 real changes made)
(0 real changes made)
Number of observations (_N) was 0, now 260.
(0 real changes made)
Number of observations (_N) was 0, now 250.
(0 real changes made)
(0 real changes made)
Number of observations (_N) was 0, now 300.
(167 missing values generated)
(167 real changes made)
(0 real changes made)
(0 real changes made)
Number of observations (_N) was 0, now 260.
(0 real changes made)
Number of observations (_N) was 0, now 250.
(0 real changes made)
(0 real changes made)
Number of observations (_N) was 0, now 300.
(175 missing values generated)
(175 real changes made)
(0 real changes made)
(0 real changes made)
Number of observations (_N) was 0, now 260.
(0 real changes made)
Number of observations (_N) was 0, now 250.
(0 real changes made)
(0 real changes made)
Number of observations (_N) was 0, now 300.
(168 missing values generated)
(168 real changes made)
(0 real changes made)
(0 real changes made)
Number of observations (_N) was 0, now 260.
(0 real changes made)
Number of observations (_N) was 0, now 250.
(0 real changes made)
(0 real changes made)
Number of observations (_N) was 0, now 300.
(170 missing values generated)
(170 real changes made)
(0 real changes made)
(0 real changes made)
Number of observations (_N) was 0, now 260.
(0 real changes made)
  coverage replication 50 of 100
Number of observations (_N) was 0, now 250.
(0 real changes made)
(0 real changes made)
Number of observations (_N) was 0, now 300.
(163 missing values generated)
(163 real changes made)
(0 real changes made)
(0 real changes made)
Number of observations (_N) was 0, now 260.
(0 real changes made)
Number of observations (_N) was 0, now 250.
(0 real changes made)
(0 real changes made)
Number of observations (_N) was 0, now 300.
(175 missing values generated)
(175 real changes made)
(0 real changes made)
(0 real changes made)
Number of observations (_N) was 0, now 260.
(0 real changes made)
Number of observations (_N) was 0, now 250.
(0 real changes made)
(0 real changes made)
Number of observations (_N) was 0, now 300.
(182 missing values generated)
(182 real changes made)
(0 real changes made)
(1 real change made)
Number of observations (_N) was 0, now 260.
(1 real change made)
Number of observations (_N) was 0, now 250.
(0 real changes made)
(0 real changes made)
Number of observations (_N) was 0, now 300.
(183 missing values generated)
(183 real changes made)
(0 real changes made)
(0 real changes made)
Number of observations (_N) was 0, now 260.
(0 real changes made)
Number of observations (_N) was 0, now 250.
(0 real changes made)
(0 real changes made)
Number of observations (_N) was 0, now 300.
(163 missing values generated)
(163 real changes made)
(0 real changes made)
(0 real changes made)
Number of observations (_N) was 0, now 260.
(0 real changes made)
Number of observations (_N) was 0, now 250.
(0 real changes made)
(0 real changes made)
Number of observations (_N) was 0, now 300.
(163 missing values generated)
(163 real changes made)
(0 real changes made)
(0 real changes made)
Number of observations (_N) was 0, now 260.
(1 real change made)
Number of observations (_N) was 0, now 250.
(0 real changes made)
(0 real changes made)
Number of observations (_N) was 0, now 300.
(163 missing values generated)
(163 real changes made)
(0 real changes made)
(0 real changes made)
Number of observations (_N) was 0, now 260.
(0 real changes made)
Number of observations (_N) was 0, now 250.
(0 real changes made)
(0 real changes made)
Number of observations (_N) was 0, now 300.
(151 missing values generated)
(151 real changes made)
(0 real changes made)
(0 real changes made)
Number of observations (_N) was 0, now 260.
(1 real change made)
Number of observations (_N) was 0, now 250.
(0 real changes made)
(0 real changes made)
Number of observations (_N) was 0, now 300.
(157 missing values generated)
(157 real changes made)
(0 real changes made)
(0 real changes made)
Number of observations (_N) was 0, now 260.
(0 real changes made)
Number of observations (_N) was 0, now 250.
(0 real changes made)
(0 real changes made)
Number of observations (_N) was 0, now 300.
(177 missing values generated)
(177 real changes made)
(0 real changes made)
(0 real changes made)
Number of observations (_N) was 0, now 260.
(0 real changes made)
Number of observations (_N) was 0, now 250.
(0 real changes made)
(0 real changes made)
Number of observations (_N) was 0, now 300.
(153 missing values generated)
(153 real changes made)
(0 real changes made)
(0 real changes made)
Number of observations (_N) was 0, now 260.
(0 real changes made)
Number of observations (_N) was 0, now 250.
(0 real changes made)
(0 real changes made)
Number of observations (_N) was 0, now 300.
(179 missing values generated)
(179 real changes made)
(0 real changes made)
(0 real changes made)
Number of observations (_N) was 0, now 260.
(0 real changes made)
Number of observations (_N) was 0, now 250.
(0 real changes made)
(0 real changes made)
Number of observations (_N) was 0, now 300.
(158 missing values generated)
(158 real changes made)
(0 real changes made)
(0 real changes made)
Number of observations (_N) was 0, now 260.
(0 real changes made)
Number of observations (_N) was 0, now 250.
(0 real changes made)
(0 real changes made)
Number of observations (_N) was 0, now 300.
(165 missing values generated)
(165 real changes made)
(0 real changes made)
(0 real changes made)
Number of observations (_N) was 0, now 260.
(0 real changes made)
Number of observations (_N) was 0, now 250.
(0 real changes made)
(0 real changes made)
Number of observations (_N) was 0, now 300.
(167 missing values generated)
(167 real changes made)
(0 real changes made)
(0 real changes made)
Number of observations (_N) was 0, now 260.
(1 real change made)
Number of observations (_N) was 0, now 250.
(0 real changes made)
(0 real changes made)
Number of observations (_N) was 0, now 300.
(156 missing values generated)
(156 real changes made)
(0 real changes made)
(0 real changes made)
Number of observations (_N) was 0, now 260.
(0 real changes made)
Number of observations (_N) was 0, now 250.
(0 real changes made)
(0 real changes made)
Number of observations (_N) was 0, now 300.
(177 missing values generated)
(177 real changes made)
(0 real changes made)
(0 real changes made)
Number of observations (_N) was 0, now 260.
(0 real changes made)
Number of observations (_N) was 0, now 250.
(0 real changes made)
(0 real changes made)
Number of observations (_N) was 0, now 300.
(172 missing values generated)
(172 real changes made)
(0 real changes made)
(0 real changes made)
Number of observations (_N) was 0, now 260.
(0 real changes made)
Number of observations (_N) was 0, now 250.
(0 real changes made)
(0 real changes made)
Number of observations (_N) was 0, now 300.
(153 missing values generated)
(153 real changes made)
(0 real changes made)
(0 real changes made)
Number of observations (_N) was 0, now 260.
(0 real changes made)
Number of observations (_N) was 0, now 250.
(0 real changes made)
(0 real changes made)
Number of observations (_N) was 0, now 300.
(164 missing values generated)
(164 real changes made)
(0 real changes made)
(1 real change made)
Number of observations (_N) was 0, now 260.
(0 real changes made)
Number of observations (_N) was 0, now 250.
(0 real changes made)
(0 real changes made)
Number of observations (_N) was 0, now 300.
(178 missing values generated)
(178 real changes made)
(0 real changes made)
(0 real changes made)
Number of observations (_N) was 0, now 260.
(1 real change made)
Number of observations (_N) was 0, now 250.
(0 real changes made)
(0 real changes made)
Number of observations (_N) was 0, now 300.
(163 missing values generated)
(163 real changes made)
(0 real changes made)
(0 real changes made)
Number of observations (_N) was 0, now 260.
(0 real changes made)
Number of observations (_N) was 0, now 250.
(0 real changes made)
(0 real changes made)
Number of observations (_N) was 0, now 300.
(157 missing values generated)
(157 real changes made)
(0 real changes made)
(0 real changes made)
Number of observations (_N) was 0, now 260.
(0 real changes made)
Number of observations (_N) was 0, now 250.
(0 real changes made)
(0 real changes made)
Number of observations (_N) was 0, now 300.
(164 missing values generated)
(164 real changes made)
(0 real changes made)
(1 real change made)
Number of observations (_N) was 0, now 260.
(0 real changes made)
Number of observations (_N) was 0, now 250.
(0 real changes made)
(0 real changes made)
Number of observations (_N) was 0, now 300.
(153 missing values generated)
(153 real changes made)
(0 real changes made)
(0 real changes made)
Number of observations (_N) was 0, now 260.
(0 real changes made)
  coverage replication 75 of 100
Number of observations (_N) was 0, now 250.
(0 real changes made)
(0 real changes made)
Number of observations (_N) was 0, now 300.
(156 missing values generated)
(156 real changes made)
(0 real changes made)
(0 real changes made)
Number of observations (_N) was 0, now 260.
(0 real changes made)
Number of observations (_N) was 0, now 250.
(0 real changes made)
(0 real changes made)
Number of observations (_N) was 0, now 300.
(166 missing values generated)
(166 real changes made)
(0 real changes made)
(1 real change made)
Number of observations (_N) was 0, now 260.
(1 real change made)
Number of observations (_N) was 0, now 250.
(0 real changes made)
(0 real changes made)
Number of observations (_N) was 0, now 300.
(173 missing values generated)
(173 real changes made)
(0 real changes made)
(0 real changes made)
Number of observations (_N) was 0, now 260.
(0 real changes made)
Number of observations (_N) was 0, now 250.
(0 real changes made)
(0 real changes made)
Number of observations (_N) was 0, now 300.
(157 missing values generated)
(157 real changes made)
(0 real changes made)
(0 real changes made)
Number of observations (_N) was 0, now 260.
(2 real changes made)
Number of observations (_N) was 0, now 250.
(0 real changes made)
(0 real changes made)
Number of observations (_N) was 0, now 300.
(166 missing values generated)
(166 real changes made)
(0 real changes made)
(0 real changes made)
Number of observations (_N) was 0, now 260.
(0 real changes made)
Number of observations (_N) was 0, now 250.
(0 real changes made)
(0 real changes made)
Number of observations (_N) was 0, now 300.
(179 missing values generated)
(179 real changes made)
(0 real changes made)
(0 real changes made)
Number of observations (_N) was 0, now 260.
(0 real changes made)
Number of observations (_N) was 0, now 250.
(0 real changes made)
(0 real changes made)
Number of observations (_N) was 0, now 300.
(157 missing values generated)
(157 real changes made)
(0 real changes made)
(0 real changes made)
Number of observations (_N) was 0, now 260.
(2 real changes made)
Number of observations (_N) was 0, now 250.
(0 real changes made)
(0 real changes made)
Number of observations (_N) was 0, now 300.
(174 missing values generated)
(174 real changes made)
(0 real changes made)
(0 real changes made)
Number of observations (_N) was 0, now 260.
(0 real changes made)
Number of observations (_N) was 0, now 250.
(0 real changes made)
(0 real changes made)
Number of observations (_N) was 0, now 300.
(154 missing values generated)
(154 real changes made)
(0 real changes made)
(0 real changes made)
Number of observations (_N) was 0, now 260.
(0 real changes made)
Number of observations (_N) was 0, now 250.
(0 real changes made)
(0 real changes made)
Number of observations (_N) was 0, now 300.
(177 missing values generated)
(177 real changes made)
(0 real changes made)
(0 real changes made)
Number of observations (_N) was 0, now 260.
(2 real changes made)
Number of observations (_N) was 0, now 250.
(0 real changes made)
(0 real changes made)
Number of observations (_N) was 0, now 300.
(171 missing values generated)
(171 real changes made)
(0 real changes made)
(0 real changes made)
Number of observations (_N) was 0, now 260.
(1 real change made)
Number of observations (_N) was 0, now 250.
(0 real changes made)
(0 real changes made)
Number of observations (_N) was 0, now 300.
(182 missing values generated)
(182 real changes made)
(0 real changes made)
(0 real changes made)
Number of observations (_N) was 0, now 260.
(0 real changes made)
Number of observations (_N) was 0, now 250.
(0 real changes made)
(0 real changes made)
Number of observations (_N) was 0, now 300.
(178 missing values generated)
(178 real changes made)
(0 real changes made)
(0 real changes made)
Number of observations (_N) was 0, now 260.
(0 real changes made)
Number of observations (_N) was 0, now 250.
(0 real changes made)
(0 real changes made)
Number of observations (_N) was 0, now 300.
(156 missing values generated)
(156 real changes made)
(0 real changes made)
(0 real changes made)
Number of observations (_N) was 0, now 260.
(0 real changes made)
Number of observations (_N) was 0, now 250.
(0 real changes made)
(0 real changes made)
Number of observations (_N) was 0, now 300.
(177 missing values generated)
(177 real changes made)
(0 real changes made)
(0 real changes made)
Number of observations (_N) was 0, now 260.
(0 real changes made)
Number of observations (_N) was 0, now 250.
(0 real changes made)
(0 real changes made)
Number of observations (_N) was 0, now 300.
(161 missing values generated)
(161 real changes made)
(0 real changes made)
(0 real changes made)
Number of observations (_N) was 0, now 260.
(0 real changes made)
Number of observations (_N) was 0, now 250.
(0 real changes made)
(0 real changes made)
Number of observations (_N) was 0, now 300.
(181 missing values generated)
(181 real changes made)
(0 real changes made)
(0 real changes made)
Number of observations (_N) was 0, now 260.
(0 real changes made)
Number of observations (_N) was 0, now 250.
(0 real changes made)
(0 real changes made)
Number of observations (_N) was 0, now 300.
(173 missing values generated)
(173 real changes made)
(0 real changes made)
(0 real changes made)
Number of observations (_N) was 0, now 260.
(0 real changes made)
Number of observations (_N) was 0, now 250.
(0 real changes made)
(0 real changes made)
Number of observations (_N) was 0, now 300.
(158 missing values generated)
(158 real changes made)
(0 real changes made)
(0 real changes made)
Number of observations (_N) was 0, now 260.
(1 real change made)
Number of observations (_N) was 0, now 250.
(0 real changes made)
(0 real changes made)
Number of observations (_N) was 0, now 300.
(169 missing values generated)
(169 real changes made)
(0 real changes made)
(0 real changes made)
Number of observations (_N) was 0, now 260.
(0 real changes made)
Number of observations (_N) was 0, now 250.
(0 real changes made)
(0 real changes made)
Number of observations (_N) was 0, now 300.
(170 missing values generated)
(170 real changes made)
(0 real changes made)
(0 real changes made)
Number of observations (_N) was 0, now 260.
(0 real changes made)
Number of observations (_N) was 0, now 250.
(0 real changes made)
(0 real changes made)
Number of observations (_N) was 0, now 300.
(176 missing values generated)
(176 real changes made)
(0 real changes made)
(0 real changes made)
Number of observations (_N) was 0, now 260.
(0 real changes made)
Number of observations (_N) was 0, now 250.
(0 real changes made)
(0 real changes made)
Number of observations (_N) was 0, now 300.
(175 missing values generated)
(175 real changes made)
(0 real changes made)
(0 real changes made)
Number of observations (_N) was 0, now 260.
(0 real changes made)
Number of observations (_N) was 0, now 250.
(0 real changes made)
(0 real changes made)
Number of observations (_N) was 0, now 300.
(172 missing values generated)
(172 real changes made)
(0 real changes made)
(0 real changes made)
Number of observations (_N) was 0, now 260.
(0 real changes made)
Number of observations (_N) was 0, now 250.
(0 real changes made)
(0 real changes made)
Number of observations (_N) was 0, now 300.
(147 missing values generated)
(147 real changes made)
(0 real changes made)
(0 real changes made)
Number of observations (_N) was 0, now 260.
(0 real changes made)
  coverage replication 100 of 100

. postclose `cov'

. 
. use "examples/coverage_raw.dta", clear

. collapse (mean) coverage = covered (count) n = covered, by(design method)

. gen dnum = cond(design == "education", 1, cond(design == "water", 2, 3))

. sort dnum method

. format coverage %5.3f

. list design method coverage n, sepby(design) noobs

  +--------------------------------------+
  |    design    method   coverage     n |
  |--------------------------------------|
  | education   connect      0.800   100 |
  | education       ols      0.940   100 |
  |--------------------------------------|
  |     water   connect      0.990   100 |
  |     water       ols      0.940   100 |
  |--------------------------------------|
  | clustered   connect      0.990   100 |
  | clustered       ols      0.980   100 |
  +--------------------------------------+

. export delimited design method coverage n ///
>     using "manuscript/table_coverage.csv", replace
(file manuscript/table_coverage.csv not found)
file manuscript/table_coverage.csv saved

. 
. // --------------------------------------------------------------------------
> -
. // 2. Alternative clustered design (higher noise) + percentile-knot arm
. // --------------------------------------------------------------------------
> -
. di _n "=== Alternative clustered design: noise SD 2.0, 100 replications ==="

=== Alternative clustered design: noise SD 2.0, 100 replications ===

. tempname alt

. postfile `alt' str28 model double rmse_true int rep ///
>     using "examples/altclust_raw.dta", replace
(file examples/altclust_raw.dta not found)

. 
. capture program drop nns_rmse_true

. program define nns_rmse_true, rclass
  1.     syntax, Fitvar(name) Truevar(name)
  2.     tempvar e2
  3.     quietly gen double `e2' = (`truevar' - `fitvar')^2
  4.     quietly summarize `e2', meanonly
  5.     return scalar rmse = sqrt(r(mean))
  6. end

. 
. forvalues r = 1/100 {
  2.     clear
  3.     set seed `=30000 + `r''
  4.     set obs 260
  5.     gen mix = runiform()
  6.     gen cluster_score = cond(mix < .45, rnormal(22, 3), ///
>         cond(mix < .75, rnormal(36, 2.2), rnormal(58, 4)))
  7.     replace cluster_score = max(5, min(70, cluster_score))
  8.     gen true_index = 18 + .18 * cluster_score ///
>         + 10 * exp(-((cluster_score - 24)^2) / 35) ///
>         - 16 * exp(-((cluster_score - 35)^2) / 18) ///
>         + 8 * exp(-((cluster_score - 58)^2) / 50)
  9.     gen outcome_index = true_index + rnormal(0, 2.0)
 10.     drop mix
 11. 
.     quietly npregress kernel outcome_index cluster_score
 12.     quietly predict double f_k, mean
 13.     nns_rmse_true, fitvar(f_k) truevar(true_index)
 14.     post `alt' ("npregress kernel") (r(rmse)) (`r')
 15.     drop f_k
 16. 
.     quietly npregress series outcome_index cluster_score
 17.     quietly predict double f_s, mean
 18.     nns_rmse_true, fitvar(f_s) truevar(true_index)
 19.     post `alt' ("npregress series") (r(rmse)) (`r')
 20.     drop f_s
 21. 
.     quietly nnsreg outcome_index cluster_score, order(3) method(ols) noplot
 22.     quietly predict double f_o
 23.     nns_rmse_true, fitvar(f_o) truevar(true_index)
 24.     post `alt' ("NNS OLS, order(3)") (r(rmse)) (`r')
 25.     drop f_o
 26. 
.     // Percentile-knot linear spline (rank-placed knots), 6 pieces.
.     capture {
 27.         mkspline sp 6 = cluster_score, pctile
 28.         quietly regress outcome_index sp*
 29.         quietly predict double f_m, xb
 30.         nns_rmse_true, fitvar(f_m) truevar(true_index)
 31.         post `alt' ("Percentile-knot spline") (r(rmse)) (`r')
 32.         drop f_m sp*
 33.     }
 34.     if mod(`r', 25) == 0 di as text "  alt-clustered replication `r' of 10
> 0"
 35. }
Number of observations (_N) was 0, now 260.
(0 real changes made)
Number of observations (_N) was 0, now 260.
(0 real changes made)
Number of observations (_N) was 0, now 260.
(0 real changes made)
Number of observations (_N) was 0, now 260.
(1 real change made)
Number of observations (_N) was 0, now 260.
(0 real changes made)
Number of observations (_N) was 0, now 260.
(0 real changes made)
Number of observations (_N) was 0, now 260.
(0 real changes made)
Number of observations (_N) was 0, now 260.
(0 real changes made)
Number of observations (_N) was 0, now 260.
(0 real changes made)
Number of observations (_N) was 0, now 260.
(0 real changes made)
Number of observations (_N) was 0, now 260.
(0 real changes made)
Number of observations (_N) was 0, now 260.
(0 real changes made)
Number of observations (_N) was 0, now 260.
(0 real changes made)
Number of observations (_N) was 0, now 260.
(0 real changes made)
Number of observations (_N) was 0, now 260.
(0 real changes made)
Number of observations (_N) was 0, now 260.
(0 real changes made)
Number of observations (_N) was 0, now 260.
(0 real changes made)
Number of observations (_N) was 0, now 260.
(0 real changes made)
Number of observations (_N) was 0, now 260.
(0 real changes made)
Number of observations (_N) was 0, now 260.
(0 real changes made)
Number of observations (_N) was 0, now 260.
(0 real changes made)
Number of observations (_N) was 0, now 260.
(1 real change made)
Number of observations (_N) was 0, now 260.
(0 real changes made)
Number of observations (_N) was 0, now 260.
(0 real changes made)
Number of observations (_N) was 0, now 260.
(0 real changes made)
  alt-clustered replication 25 of 100
Number of observations (_N) was 0, now 260.
(0 real changes made)
Number of observations (_N) was 0, now 260.
(0 real changes made)
Number of observations (_N) was 0, now 260.
(0 real changes made)
Number of observations (_N) was 0, now 260.
(0 real changes made)
Number of observations (_N) was 0, now 260.
(0 real changes made)
Number of observations (_N) was 0, now 260.
(0 real changes made)
Number of observations (_N) was 0, now 260.
(0 real changes made)
Number of observations (_N) was 0, now 260.
(0 real changes made)
Number of observations (_N) was 0, now 260.
(0 real changes made)
Number of observations (_N) was 0, now 260.
(0 real changes made)
Number of observations (_N) was 0, now 260.
(0 real changes made)
Number of observations (_N) was 0, now 260.
(0 real changes made)
Number of observations (_N) was 0, now 260.
(0 real changes made)
Number of observations (_N) was 0, now 260.
(0 real changes made)
Number of observations (_N) was 0, now 260.
(0 real changes made)
Number of observations (_N) was 0, now 260.
(0 real changes made)
Number of observations (_N) was 0, now 260.
(1 real change made)
Number of observations (_N) was 0, now 260.
(0 real changes made)
Number of observations (_N) was 0, now 260.
(0 real changes made)
Number of observations (_N) was 0, now 260.
(0 real changes made)
Number of observations (_N) was 0, now 260.
(0 real changes made)
Number of observations (_N) was 0, now 260.
(0 real changes made)
Number of observations (_N) was 0, now 260.
(0 real changes made)
Number of observations (_N) was 0, now 260.
(0 real changes made)
Number of observations (_N) was 0, now 260.
(0 real changes made)
  alt-clustered replication 50 of 100
Number of observations (_N) was 0, now 260.
(0 real changes made)
Number of observations (_N) was 0, now 260.
(1 real change made)
Number of observations (_N) was 0, now 260.
(0 real changes made)
Number of observations (_N) was 0, now 260.
(0 real changes made)
Number of observations (_N) was 0, now 260.
(0 real changes made)
Number of observations (_N) was 0, now 260.
(0 real changes made)
Number of observations (_N) was 0, now 260.
(0 real changes made)
Number of observations (_N) was 0, now 260.
(0 real changes made)
Number of observations (_N) was 0, now 260.
(0 real changes made)
Number of observations (_N) was 0, now 260.
(0 real changes made)
Number of observations (_N) was 0, now 260.
(0 real changes made)
Number of observations (_N) was 0, now 260.
(1 real change made)
Number of observations (_N) was 0, now 260.
(0 real changes made)
Number of observations (_N) was 0, now 260.
(0 real changes made)
Number of observations (_N) was 0, now 260.
(1 real change made)
Number of observations (_N) was 0, now 260.
(0 real changes made)
Number of observations (_N) was 0, now 260.
(0 real changes made)
Number of observations (_N) was 0, now 260.
(0 real changes made)
Number of observations (_N) was 0, now 260.
(0 real changes made)
Number of observations (_N) was 0, now 260.
(0 real changes made)
Number of observations (_N) was 0, now 260.
(0 real changes made)
Number of observations (_N) was 0, now 260.
(0 real changes made)
Number of observations (_N) was 0, now 260.
(0 real changes made)
Number of observations (_N) was 0, now 260.
(0 real changes made)
Number of observations (_N) was 0, now 260.
(0 real changes made)
  alt-clustered replication 75 of 100
Number of observations (_N) was 0, now 260.
(0 real changes made)
Number of observations (_N) was 0, now 260.
(0 real changes made)
Number of observations (_N) was 0, now 260.
(0 real changes made)
Number of observations (_N) was 0, now 260.
(0 real changes made)
Number of observations (_N) was 0, now 260.
(0 real changes made)
Number of observations (_N) was 0, now 260.
(0 real changes made)
Number of observations (_N) was 0, now 260.
(0 real changes made)
Number of observations (_N) was 0, now 260.
(0 real changes made)
Number of observations (_N) was 0, now 260.
(0 real changes made)
Number of observations (_N) was 0, now 260.
(0 real changes made)
Number of observations (_N) was 0, now 260.
(0 real changes made)
Number of observations (_N) was 0, now 260.
(0 real changes made)
Number of observations (_N) was 0, now 260.
(0 real changes made)
Number of observations (_N) was 0, now 260.
(0 real changes made)
Number of observations (_N) was 0, now 260.
(0 real changes made)
Number of observations (_N) was 0, now 260.
(0 real changes made)
Number of observations (_N) was 0, now 260.
(0 real changes made)
Number of observations (_N) was 0, now 260.
(0 real changes made)
Number of observations (_N) was 0, now 260.
(0 real changes made)
Number of observations (_N) was 0, now 260.
(1 real change made)
Number of observations (_N) was 0, now 260.
(0 real changes made)
Number of observations (_N) was 0, now 260.
(0 real changes made)
Number of observations (_N) was 0, now 260.
(0 real changes made)
Number of observations (_N) was 0, now 260.
(0 real changes made)
Number of observations (_N) was 0, now 260.
(0 real changes made)
  alt-clustered replication 100 of 100

. postclose `alt'

. 
. use "examples/altclust_raw.dta", clear

. gen msort = cond(model == "npregress kernel", 1, ///
>     cond(model == "npregress series", 2, ///
>     cond(model == "NNS OLS, order(3)", 3, 4)))

. collapse (mean) mean_rmse_true = rmse_true (sd) sd_rmse_true = rmse_true ///
>     (count) reps = rmse_true, by(model msort)

. sort msort

. format mean_rmse_true sd_rmse_true %6.3f

. list model mean_rmse_true sd_rmse_true reps, noobs

  +-----------------------------------------------------+
  |                  model   mean_r~e   sd_rms~e   reps |
  |-----------------------------------------------------|
  |       npregress kernel      0.813      0.225    100 |
  |       npregress series      0.747      0.508    100 |
  |      NNS OLS, order(3)      0.746      0.105    100 |
  | Percentile-knot spline      1.481      0.346    100 |
  +-----------------------------------------------------+

. export delimited model mean_rmse_true sd_rmse_true reps ///
>     using "manuscript/table_altclust.csv", replace
(file manuscript/table_altclust.csv not found)
file manuscript/table_altclust.csv saved

. 
. di _n "ROBUSTNESS CHECKS COMPLETE"

ROBUSTNESS CHECKS COMPLETE

. 
end of do-file
