
  ___  ____  ____  ____  ____ ®
 /__    /   ____/   /   ____/      StataNow 19.5
___/   /   /___/   /   /___/       MP—Parallel Edition

 Statistics and Data Science       Copyright 1985-2025 StataCorp LLC
                                   StataCorp
                                   4905 Lakeway Drive
                                   College Station, Texas 77845 USA
                                   800-782-8272        https://www.stata.com
                                   979-696-4600        service@stata.com

Stata license: 4-user 4-core network, expiring  6 May 2027
Serial number: 501909369296
  Licensed to: Eric Booth
               Texas 2036

Notes:
      1. Stata is running in batch mode.
      2. Unicode is supported; see help unicode_advice.
      3. More than 2 billion observations are allowed; see help obs_advice.
      4. Maximum number of variables is set to 5,000 but can be increased;
          see help set_maxvar.


Running /Users/ericbooth/Documents/Stata/ado/personal/profile.do ...
-------------------------------------------------------------------------------
  [1]  (BASE)      "/Applications/StataNow/ado/base/"
  [2]  (SITE)      "/Users/ericbooth/Library/CloudStorage/GoogleDrive-eric.boot
> h@texas2036.org/Shared drives/Data and Research Team//_codeshare/"
  [3]              "."
  [4]  (PERSONAL)  "/Users/ericbooth/Documents/Stata/ado/personal/"
  [5]  (PLUS)      "/Users/ericbooth/Library/Application Support/Stata/ado/plus
> /"
  [6]  (OLDPLACE)  "~/ado/"

Click [here] for other links
-------------------------------------------------------------------------------

. do /tmp/check_web_tools.do 

. cap which webdoc

. if _rc di "webdoc not installed"

. else which webdoc
/Users/ericbooth/Library/Application Support/Stata/ado/plus/w/webdoc.ado
*! version 1.2.8  11nov2019  Ben Jann

. cap which webdoc2

. if _rc di "webdoc2 not installed"

. else which webdoc2
/Users/ericbooth/Library/CloudStorage/GoogleDrive-eric.booth@texas2036.org/Shar
> ed drives/Data and Research Team//_codeshare/webdoc2.ado
*! Custom webdoc2 :  version 1.1.3 20260523 Eric Booth
*!
*! Note: Custom subcommands include:
*!       wd and  wdclose
*!       button and  buttonclose
*!       graphbutton  and  graphbuttonclose
*!          wput , h1put, ... h3put
*!       wdnavbar  wdnavitem  wdnavbarclose  wdnavdropdown  wdnavdropdownitem  
> wdnavdropdownclose
*!       wdtoc  wdwidth
*!       wdinit

. cap which statashiny

. if _rc di "statashiny not installed"

. else which statashiny
/Users/ericbooth/Library/CloudStorage/GoogleDrive-eric.booth@texas2036.org/Shar
> ed drives/Data and Research Team//_codeshare/statashiny.ado
*! version 1.5.0  26may2026  Eric A. Booth
*! - output(table) now emits value-label text for labeled numeric variables
*!   (e.g. "Foreign" instead of 1); falls back to the number when unlabeled.

. 
end of do-file
