
  ___  ____  ____  ____  ____ ®
 /__    /   ____/   /   ____/      StataNow 19.5
___/   /   /___/   /   /___/       MP—Parallel Edition

 Statistics and Data Science       Copyright 1985-2025 StataCorp LLC
                                   StataCorp
                                   4905 Lakeway Drive
                                   College Station, Texas 77845 USA
                                   800-782-8272        https://www.stata.com
                                   979-696-4600        service@stata.com

Stata license: 4-user 4-core network, expiring  6 May 2027
Serial number: 501909369296
  Licensed to: Eric Booth
               Texas 2036

Notes:
      1. Stata is running in batch mode.
      2. Unicode is supported; see help unicode_advice.
      3. More than 2 billion observations are allowed; see help obs_advice.
      4. Maximum number of variables is set to 5,000 but can be increased;
          see help set_maxvar.


Running /Users/ericbooth/Documents/Stata/ado/personal/profile.do ...
-------------------------------------------------------------------------------
  [1]  (BASE)      "/Applications/StataNow/ado/base/"
  [2]  (SITE)      "/Users/ericbooth/Library/CloudStorage/GoogleDrive-eric.boot
> h@texas2036.org/Shared drives/Data and Research Team//_codeshare/"
  [3]              "."
  [4]  (PERSONAL)  "/Users/ericbooth/Documents/Stata/ado/personal/"
  [5]  (PLUS)      "/Users/ericbooth/Library/Application Support/Stata/ado/plus
> /"
  [6]  (OLDPLACE)  "~/ado/"

Click [here] for other links
-------------------------------------------------------------------------------

. do /tmp/check_np.do 

. clear all

. set obs 200
Number of observations (_N) was 0, now 200.

. set seed 1

. gen x=runiform()*10

. gen y=sin(x)+rnormal(0,.2)

. npregress kernel y x

Computing mean function
  
Minimizing cross-validation function:
  
Iteration 0:  Cross-validation criterion =  -2.317098  
Iteration 1:  Cross-validation criterion = -2.5123983  
Iteration 2:  Cross-validation criterion = -2.8888222  
Iteration 3:  Cross-validation criterion = -3.2627443  
Iteration 4:  Cross-validation criterion = -3.2627443  
Iteration 5:  Cross-validation criterion = -3.2627443  
Iteration 6:  Cross-validation criterion = -3.2714205  
Iteration 7:  Cross-validation criterion = -3.2714205  
Iteration 8:  Cross-validation criterion = -3.2714205  
Iteration 9:  Cross-validation criterion = -3.2715578  
Iteration 10: Cross-validation criterion = -3.2716087  
Iteration 11: Cross-validation criterion = -3.2716087  
  
Computing optimal derivative bandwidth
  
Iteration 0:  Cross-validation criterion =  .13251835  
Iteration 1:  Cross-validation criterion =  .07465359  
Iteration 2:  Cross-validation criterion =  .06502661  
Iteration 3:  Cross-validation criterion =  .06502661  
Iteration 4:  Cross-validation criterion =  .03886829  
Iteration 5:  Cross-validation criterion =  .03886829  
Iteration 6:  Cross-validation criterion =  .03869755  
Iteration 7:  Cross-validation criterion =  .03869755  
Iteration 8:  Cross-validation criterion =  .03865239  
Iteration 9:  Cross-validation criterion =  .03865239  
Iteration 10: Cross-validation criterion =  .03864539  

Bandwidth
-----------------------------------
             |      Mean     Effect 
-------------+---------------------
           x |  .2027282   .4138675 
-----------------------------------

Local-linear regression                    Number of obs      =            200
Kernel   : epanechnikov                    E(Kernel obs)      =             41
Bandwidth: cross-validation                R-squared          =         0.9354
------------------------------------------------------------------------------
           y |   Estimate
-------------+----------------------------------------------------------------
Mean         |
           y |   .1046122
-------------+----------------------------------------------------------------
Effect       |
           x |   .0332258
------------------------------------------------------------------------------
Note: Effect estimates are averages of derivatives.
Note: You may compute standard errors using vce(bootstrap) or reps().

. predict y_np, mean

. summ y_np

    Variable |        Obs        Mean    Std. dev.       Min        Max
-------------+---------------------------------------------------------
        y_np |        200    .1046122    .6609762  -.9728891   1.036433

. 
end of do-file
