
  ___  ____  ____  ____  ____ ®
 /__    /   ____/   /   ____/      StataNow 19.5
___/   /   /___/   /   /___/       MP—Parallel Edition

 Statistics and Data Science       Copyright 1985-2025 StataCorp LLC
                                   StataCorp
                                   4905 Lakeway Drive
                                   College Station, Texas 77845 USA
                                   800-782-8272        https://www.stata.com
                                   979-696-4600        service@stata.com

Stata license: 4-user 4-core network, expiring  6 May 2027
Serial number: 501909369296
  Licensed to: Eric Booth
               Texas 2036

Notes:
      1. Stata is running in batch mode.
      2. Unicode is supported; see help unicode_advice.
      3. More than 2 billion observations are allowed; see help obs_advice.
      4. Maximum number of variables is set to 5,000 but can be increased;
          see help set_maxvar.


Running /Users/ericbooth/Documents/Stata/ado/personal/profile.do ...
-------------------------------------------------------------------------------
  [1]  (BASE)      "/Applications/StataNow/ado/base/"
  [2]  (SITE)      "/Users/ericbooth/Library/CloudStorage/GoogleDrive-eric.boot
> h@texas2036.org/Shared drives/Data and Research Team//_codeshare/"
  [3]              "."
  [4]  (PERSONAL)  "/Users/ericbooth/Documents/Stata/ado/personal/"
  [5]  (PLUS)      "/Users/ericbooth/Library/Application Support/Stata/ado/plus
> /"
  [6]  (OLDPLACE)  "~/ado/"

Click [here] for other links
-------------------------------------------------------------------------------

. do /tmp/export_graph_png.do 

. cd "/Users/ericbooth/Library/CloudStorage/GoogleDrive-eric.booth@texas2036.or
> g/My Drive/NNS-stata-public"
/Users/ericbooth/Library/CloudStorage/GoogleDrive-eric.booth@texas2036.org/My D
> rive/NNS-stata-public

. adopath + "code"
  [1]  (BASE)      "/Applications/StataNow/ado/base/"
  [2]  (SITE)      "/Users/ericbooth/Library/CloudStorage/GoogleDrive-eric.boot
> h@texas2036.org/Shared drives/Data and Research Team//_codeshare/"
  [3]              "."
  [4]  (PERSONAL)  "/Users/ericbooth/Documents/Stata/ado/personal/"
  [5]  (PLUS)      "/Users/ericbooth/Library/Application Support/Stata/ado/plus
> /"
  [6]  (OLDPLACE)  "~/ado/"
  [7]              "code"

. use "examples/texas_education.dta", clear
(Texas School District Operational Funding and Achievement (Simulated))

. nnsreg staar_pass spend_pupil, order(3) method(connect)

Nonlinear Nonparametric Statistics (NNS) Regression
Dependent variable:   staar_pass
Independent variable:  spend_pupil
Method:               connect
Noise reduction:      mean
Order:                3
Number of obs:        250
R-squared:            0.9053
Root MSE:             5.5165

------------------------------------------------------------------------------
  staar_pass | Coefficient  Std. err.      t    P>|t|     [95% conf. interval]
-------------+----------------------------------------------------------------
 spend_pupil |   1.364245   1.130813     1.21   0.229    -.8631093      3.5916
       knot1 |   3.634982   1.331709     2.73   0.007     1.011923     6.25804
       knot2 |  -1.922843   .4834359    -3.98   0.000    -2.875064   -.9706222
       knot3 |  -2.800157   .8912724    -3.14   0.002    -4.555691   -1.044624
       _cons |   32.83671     7.1453     4.60   0.000     18.76265    46.91076
------------------------------------------------------------------------------

. graph export "work/figure_pngs/stata_direct_edu_connect_o3.png", replace widt
> h(1800)
(file work/figure_pngs/stata_direct_edu_connect_o3.png not found)
file work/figure_pngs/stata_direct_edu_connect_o3.png written in PNG format

. 
end of do-file
